// Jest Snapshot v1, https://goo.gl/fbAQLP

exports[`ItemTableHeader matches link table snapshot 1`] = `
<thead>
  <tr
    className="primary"
  >
    <th
      colSpan={1}
    />
    <th
      colSpan={1}
      scope="col"
    />
    <React.Fragment>
      <th
        className="item"
        key="Item"
        scope="col"
        tabIndex={0}
      >
        <div
          className="item"
        >
          <span>
            Item
          </span>
        </div>
      </th>
    </React.Fragment>
    <React.Fragment>
      <th
        className="stimulus"
        key="Stimulus ID"
        scope="col"
        tabIndex={0}
      >
        <div
          className="stimulus"
        >
          <span>
            Stimulus ID
          </span>
        </div>
      </th>
    </React.Fragment>
    <React.Fragment>
      <th
        className="item-position-in-test"
        key="Item position in test"
        scope="col"
        tabIndex={0}
      >
        <div
          className="item-position-in-test"
        >
          <span>
            Item position in test
          </span>
        </div>
      </th>
    </React.Fragment>
    <React.Fragment>
      <th
        className="subject"
        key="Subject"
        scope="col"
        tabIndex={0}
      >
        <div
          className="subject"
        >
          <span>
            Subject
          </span>
        </div>
      </th>
    </React.Fragment>
    <React.Fragment>
      <th
        className="grade"
        key="Grade"
        scope="col"
        tabIndex={0}
      >
        <div
          className="grade"
        >
          <span>
            Grade
          </span>
        </div>
      </th>
    </React.Fragment>
    <React.Fragment>
      <th
        className="testname"
        key="Test name"
        scope="col"
        tabIndex={0}
      >
        <div
          className="testname"
        >
          <span>
            Test name
          </span>
        </div>
      </th>
    </React.Fragment>
    <React.Fragment>
      <th
        className="claim"
        key="Claim"
        scope="col"
        tabIndex={0}
      >
        <div
          className="claim"
        >
          <span>
            Claim
          </span>
        </div>
      </th>
    </React.Fragment>
    <React.Fragment>
      <th
        className="Target"
        key="Target"
        scope="col"
        tabIndex={0}
      >
        <div
          className="Target"
        >
          <span>
            Target
          </span>
        </div>
      </th>
    </React.Fragment>
    <React.Fragment>
      <th
        className="standard"
        key="Standard"
        scope="col"
        tabIndex={0}
      >
        <div
          className="standard"
        >
          <span>
            Standard
          </span>
        </div>
      </th>
    </React.Fragment>
    <React.Fragment>
      <th
        className="dok"
        key="DOK"
        scope="col"
        tabIndex={0}
      >
        <div
          className="dok"
        >
          <span>
            DOK
          </span>
        </div>
      </th>
    </React.Fragment>
    <React.Fragment>
      <th
        className="difficulty"
        key="Difficulty"
        scope="col"
        tabIndex={0}
      >
        <div
          className="difficulty"
        >
          <span>
            Difficulty
          </span>
        </div>
      </th>
    </React.Fragment>
    <React.Fragment>
      <th
        className="answerkeys"
        key="Answer key"
        scope="col"
        tabIndex={0}
      >
        <div
          className="answerkeys"
        >
          <span>
            Answer key
          </span>
        </div>
      </th>
    </React.Fragment>
    <th
      className="th-arrrow-button"
      colSpan={1}
      scope="col"
    />
  </tr>
</thead>
`;

exports[`ItemTableHeader matches snapshot 1`] = `
<thead>
  <tr
    className="primary"
  >
    <th
      colSpan={1}
    />
    <th
      colSpan={1}
      scope="col"
    />
    <React.Fragment>
      <th
        className="item"
        key="Item"
        scope="col"
        tabIndex={0}
      >
        <div
          className="item"
        >
          <span>
            Item
          </span>
        </div>
      </th>
    </React.Fragment>
    <React.Fragment>
      <th
        className="stimulus"
        key="Stimulus ID"
        scope="col"
        tabIndex={0}
      >
        <div
          className="stimulus"
        >
          <span>
            Stimulus ID
          </span>
        </div>
      </th>
    </React.Fragment>
    <React.Fragment>
      <th
        className="item-position-in-test"
        key="Item position in test"
        scope="col"
        tabIndex={0}
      >
        <div
          className="item-position-in-test"
        >
          <span>
            Item position in test
          </span>
        </div>
      </th>
    </React.Fragment>
    <React.Fragment>
      <th
        className="subject"
        key="Subject"
        scope="col"
        tabIndex={0}
      >
        <div
          className="subject"
        >
          <span>
            Subject
          </span>
        </div>
      </th>
    </React.Fragment>
    <React.Fragment>
      <th
        className="grade"
        key="Grade"
        scope="col"
        tabIndex={0}
      >
        <div
          className="grade"
        >
          <span>
            Grade
          </span>
        </div>
      </th>
    </React.Fragment>
    <React.Fragment>
      <th
        className="testname"
        key="Test name"
        scope="col"
        tabIndex={0}
      >
        <div
          className="testname"
        >
          <span>
            Test name
          </span>
        </div>
      </th>
    </React.Fragment>
    <React.Fragment>
      <th
        className="claim"
        key="Claim"
        scope="col"
        tabIndex={0}
      >
        <div
          className="claim"
        >
          <span>
            Claim
          </span>
        </div>
      </th>
    </React.Fragment>
    <React.Fragment>
      <th
        className="Target"
        key="Target"
        scope="col"
        tabIndex={0}
      >
        <div
          className="Target"
        >
          <span>
            Target
          </span>
        </div>
      </th>
    </React.Fragment>
    <React.Fragment>
      <th
        className="standard"
        key="Standard"
        scope="col"
        tabIndex={0}
      >
        <div
          className="standard"
        >
          <span>
            Standard
          </span>
        </div>
      </th>
    </React.Fragment>
    <React.Fragment>
      <th
        className="dok"
        key="DOK"
        scope="col"
        tabIndex={0}
      >
        <div
          className="dok"
        >
          <span>
            DOK
          </span>
        </div>
      </th>
    </React.Fragment>
    <React.Fragment>
      <th
        className="difficulty"
        key="Difficulty"
        scope="col"
        tabIndex={0}
      >
        <div
          className="difficulty"
        >
          <span>
            Difficulty
          </span>
        </div>
      </th>
    </React.Fragment>
    <React.Fragment>
      <th
        className="answerkeys"
        key="Answer key"
        scope="col"
        tabIndex={0}
      >
        <div
          className="answerkeys"
        >
          <span>
            Answer key
          </span>
        </div>
      </th>
    </React.Fragment>
    <th
      className="th-arrrow-button"
      colSpan={1}
      scope="col"
    />
  </tr>
</thead>
`;
